// Jest Snapshot v1, https://jestjs.io/docs/snapshot-testing

exports[`DashboardPage renders DashboardPage unchanged 1`] = `
<div>
  <p>
    Dashboard Page
  </p>
</div>
`;
